avances en branchs individuales Cruz Alcantara, Yossy Dallana 

USUARIO@LAPTOP MINGW64 ~/Desktop/Proyecto (master)
$ git init
Initialized empty Git repository in C:/Users/USUARIO/Desktop/Proyecto/.git/

USUARIO@LAPTOP MINGW64 ~/Desktop/Proyecto (master)
$ git status
On branch master

No commits yet

Untracked files:
  (use "git add <file>..." to include in what will be committed)
        index.js
        node_modules/
        package-lock.json
        package.json
        views/

nothing added to commit but untracked files present (use "git add" to track)

USUARIO@LAPTOP MINGW64 ~/Desktop/Proyecto (master)
$ git add .
warning: in the working copy of 'node_modules/.bin/ejs', LF will be replaced by CRLF the next time Git touches it
warning: in the working copy of 'node_modules/.bin/ejs.ps1', LF will be replaced by CRLF the next time Git touches it
warning: in the working copy of 'node_modules/.bin/jake', LF will be replaced by CRLF the next time Git touches it
warning: in the working copy of 'node_modules/.bin/jake.ps1', LF will be replaced by CRLF the next time Git touches it
.
.
.
.
warning: in the working copy of 'package-lock.json', LF will be replaced by CRLF the next time Git touches it
warning: in the working copy of 'package.json', LF will be replaced by CRLF the next time Git touches it

USUARIO@LAPTOP MINGW64 ~/Desktop/Proyecto (master)
$ git commit -m
error: switch `m' requires a value

USUARIO@LAPTOP MINGW64 ~/Desktop/Proyecto (master)
$ git commit -m "Se agrega el Proyecto"
[master (root-commit) 23dff99] Se agrega el Proyecto
 3312 files changed, 357599 insertions(+)
 create mode 100644 index.js
 create mode 100644 node_modules/.bin/ejs
 create mode 100644 node_modules/.bin/ejs.cmd
 create mode 100644 node_modules/.bin/ejs.ps1
 create mode 100644 node_modules/.bin/jake
 create mode 100644 node_modules/.bin/jake.cmd
 create mode 100644 node_modules/.bin/jake.ps1
 create mode 100644 node_modules/.bin/mime
 create mode 100644 node_modules/.bin/mime.cmd
 create mode 100644 node_modules/.bin/mime.ps1
 create mode 100644 node_modules/.package-lock.json
 create mode 100644 node_modules/@fullcalendar/core/LICENSE.md
 create mode 100644 node_modules/@fullcalendar/core/README.md
 create mode 100644 node_modules/@fullcalendar/core/index.cjs
 create mode 100644 node_modules/vary/README.md
 create mode 100644 node_modules/vary/index.js
 create mode 100644 node_modules/vary/package.json
 create mode 100644 package-lock.json
 create mode 100644 package.json
 create mode 100644 views/index.ejs
 create mode 100644 views/login.ejs

USUARIO@LAPTOP MINGW64 ~/Desktop/Proyecto (master)
$ git config --global user.email 2021110377@udh.edu.pe

USUARIO@LAPTOP MINGW64 ~/Desktop/Proyecto (master)
$ git config --global user.name YossyDallana

USUARIO@LAPTOP MINGW64 ~/Desktop/Proyecto (master)
$ git branch -M main

USUARIO@LAPTOP MINGW64 ~/Desktop/Proyecto (main)
$ git remote add origin https://github.com/YossyDallana/Proyecto.git

USUARIO@LAPTOP MINGW64 ~/Desktop/Proyecto (main)
$ git push -u origin main
Enumerating objects: 3310, done.
Counting objects: 100% (3310/3310), done.
Delta compression using up to 12 threads
Compressing objects: 100% (3208/3208), done.
Writing objects: 100% (3310/3310), 3.41 MiB | 277.00 KiB/s, done.
Total 3310 (delta 887), reused 0 (delta 0), pack-reused 0
remote: Resolving deltas: 100% (887/887), done.
To https://github.com/YossyDallana/Proyecto.git
 * [new branch]      main -> main
branch 'main' set up to track 'origin/main'.

USUARIO@LAPTOP MINGW64 ~/Desktop/Proyecto (main)
$ ^C
